Paths that match both --include and --exclude will be skipped by Semgrep.
including files:
- included
excluding files:
- excluded.*
Running 4 rules...
