{
  "errors": [],
  "paths": {
    "scanned": [
      "targets/inventory/invent.py"
    ],
    "skipped": "<add --verbose for a list of skipped paths>"
  },
  "results": []
}