excluding files:
- excluded
Running 4 rules...

skipped: all .gitignored files, 2 files matching --exclude patterns
for a detailed list of skipped files, run semgrep with the --verbose flag

ran 4 rules on 0 files: 0 findings
