excluding files:
- excluded.*
Running 4 rules...

  0%|          |0/2
 50%|█████     |1/2
 50%|█████     |1/2
