including files:
- excluded.*
- included.*
Running 4 rules...

  0%|          |0/4
|          |5/?    
|          |5/?
ran 4 rules on 4 files: 4 findings
