No subcommand passed so running `semgrep scan`
Note that running semgrep without subcommand will be deprecated in 0.89.0
Please update invocations of `semgrep ...` to `semgrep scan ...`
Nothing to scan.

Some files were skipped.
  Scan was limited to files tracked by git.
  Scan skipped: 4 files not matching --include patterns
  For a full list of skipped files, run semgrep with the --verbose flag.

Ran 4 rules on 0 files: 0 findings.
