Paths that match both --include and --exclude will be skipped by Semgrep.
Scanning 1 file

skipped: all .gitignored files, 2 files not matching --include patterns, 1 files matching --exclude patterns
for a detailed list of skipped files, run semgrep with the --verbose flag

ran 4 rules on 1 files: 1 findings
