excluding files:
- excluded.*
- included.*
Running 4 rules...
