including files:
- excluded
- included
Running 4 rules...

  0%|          |0/4
100%|██████████|4/4
ran 4 rules on 4 files: 4 findings
