including files:
- included.vue
Running 4 rules...
